Issues

Scope: Fixture workspace
Generated as of 2026-10-06T12:00:00+00:00
Version: 0.14.2
SHA-256: 01353be400aa8d686b2c935ac7219b2c404c865a3c840266bfa0ef7175562fec

Needs you
Questions: Choose the release channel.
Sources: plan

Questions: Open VSX is behind the tag.
Sources: git

Questions: Default branch quality failed.
Sources: github

Issues
Name: M12: fixture contracts | <release> & "notes"
Status: Planned
Sources: git, plan

Name: M110a0: fixture runtime
A second commit.
Status: Merged
Sources: git
12 more

Status
Name: M12: fixture contracts
Status: Planned
Sources: git, plan

Name: M110a0: fixture runtime
A second commit.
Status: Merged
Sources: git

Pull requests
Name: M12: fixture contracts
Status: Planned
Sources: git, plan

Name: M110a0: fixture runtime
A second commit.
Status: Merged
Sources: git

Next steps
Name: M12: fixture contracts
Status: Planned
Sources: git, plan

Name: M110a0: fixture runtime
A second commit.
Status: Merged
Sources: git

Sources
Name: git
Status: Partial
Reason: Commit bound reached.
Observed at: 2026-10-06T11:00:00.000+00:00
Freshness: Stale (3,600s)

Name: github
Status: Unavailable
Reason: Network is off.
Observed at: Unknown
Freshness: Unknown

Name: plan
Status: Available
Reason:
Observed at: 2026-10-06T12:00:00.000+00:00
Freshness: Fresh (0s)

Name: usage
Status: Not applicable
Reason: Journal integration is not present.
Observed at: Unknown
Freshness: Unknown

Renderer 1; ICU 77.1; locale en
